Archive member included to satisfy reference by file (symbol)

/opt/devkitpro/libgba/lib/libgba.a(interrupt.o)
                              src/main.o (irqInit)
/opt/devkitpro/libgba/lib/libgba.a(InterruptDispatcher.o)
                              /opt/devkitpro/libgba/lib/libgba.a(interrupt.o) (IntrMain)
/opt/devkitpro/devkitARM/lib/gcc/arm-none-eabi/15.2.0/libgcc.a(_sync_none.o)
                              (__sync_synchronize_none)
/opt/devkitpro/devkitARM/lib/gcc/arm-none-eabi/15.2.0/../../../../arm-none-eabi/lib/libg.a(libc_a-init.o)
                              /opt/devkitpro/devkitARM/lib/gcc/arm-none-eabi/15.2.0/../../../../arm-none-eabi/lib/gba_crt0.o (__libc_init_array)
/opt/devkitpro/devkitARM/lib/gcc/arm-none-eabi/15.2.0/../../../../arm-none-eabi/lib/libsysbase.a(libsysbase_libsysbase_a-malloc_vars.o)
                              /opt/devkitpro/devkitARM/lib/gcc/arm-none-eabi/15.2.0/../../../../arm-none-eabi/lib/gba_crt0.o (fake_heap_end)

Discarded input sections

 .text          0x00000000        0x0 /opt/devkitpro/devkitARM/lib/gcc/arm-none-eabi/15.2.0/../../../../arm-none-eabi/lib/gba_crt0.o
 .data          0x00000000        0x0 /opt/devkitpro/devkitARM/lib/gcc/arm-none-eabi/15.2.0/../../../../arm-none-eabi/lib/gba_crt0.o
 .bss           0x00000000        0x0 /opt/devkitpro/devkitARM/lib/gcc/arm-none-eabi/15.2.0/../../../../arm-none-eabi/lib/gba_crt0.o
 .text          0x00000000        0x0 /opt/devkitpro/devkitARM/lib/gcc/arm-none-eabi/15.2.0/crti.o
 .data          0x00000000        0x0 /opt/devkitpro/devkitARM/lib/gcc/arm-none-eabi/15.2.0/crti.o
 .bss           0x00000000        0x0 /opt/devkitpro/devkitARM/lib/gcc/arm-none-eabi/15.2.0/crti.o
 .text          0x00000000        0x0 /opt/devkitpro/devkitARM/lib/gcc/arm-none-eabi/15.2.0/crtbegin.o
 .data          0x00000000        0x0 /opt/devkitpro/devkitARM/lib/gcc/arm-none-eabi/15.2.0/crtbegin.o
 .bss           0x00000000        0x0 /opt/devkitpro/devkitARM/lib/gcc/arm-none-eabi/15.2.0/crtbegin.o
 .rodata.all_implied_fbits
                0x00000000       0x24 /opt/devkitpro/devkitARM/lib/gcc/arm-none-eabi/15.2.0/crtbegin.o
 .data.__dso_handle
                0x00000000        0x4 /opt/devkitpro/devkitARM/lib/gcc/arm-none-eabi/15.2.0/crtbegin.o
 .text          0x00000000        0x0 src/main.o
 .data          0x00000000        0x0 src/main.o
 .bss           0x00000000        0x0 src/main.o
 .data          0x00000000        0x0 /opt/devkitpro/libgba/lib/libgba.a(interrupt.o)
 .text          0x00000000        0x0 /opt/devkitpro/libgba/lib/libgba.a(InterruptDispatcher.o)
 .data          0x00000000        0x0 /opt/devkitpro/libgba/lib/libgba.a(InterruptDispatcher.o)
 .bss           0x00000000        0x0 /opt/devkitpro/libgba/lib/libgba.a(InterruptDispatcher.o)
 .text          0x00000000        0x4 /opt/devkitpro/devkitARM/lib/gcc/arm-none-eabi/15.2.0/libgcc.a(_sync_none.o)
 .data          0x00000000        0x0 /opt/devkitpro/devkitARM/lib/gcc/arm-none-eabi/15.2.0/libgcc.a(_sync_none.o)
 .bss           0x00000000        0x0 /opt/devkitpro/devkitARM/lib/gcc/arm-none-eabi/15.2.0/libgcc.a(_sync_none.o)
 .debug_line    0x00000000       0x4a /opt/devkitpro/devkitARM/lib/gcc/arm-none-eabi/15.2.0/libgcc.a(_sync_none.o)
 .debug_line_str
                0x00000000       0xc7 /opt/devkitpro/devkitARM/lib/gcc/arm-none-eabi/15.2.0/libgcc.a(_sync_none.o)
 .debug_info    0x00000000       0x31 /opt/devkitpro/devkitARM/lib/gcc/arm-none-eabi/15.2.0/libgcc.a(_sync_none.o)
 .debug_abbrev  0x00000000       0x28 /opt/devkitpro/devkitARM/lib/gcc/arm-none-eabi/15.2.0/libgcc.a(_sync_none.o)
 .debug_aranges
                0x00000000       0x20 /opt/devkitpro/devkitARM/lib/gcc/arm-none-eabi/15.2.0/libgcc.a(_sync_none.o)
 .debug_str     0x00000000       0xed /opt/devkitpro/devkitARM/lib/gcc/arm-none-eabi/15.2.0/libgcc.a(_sync_none.o)
 .text          0x00000000        0x0 /opt/devkitpro/devkitARM/lib/gcc/arm-none-eabi/15.2.0/../../../../arm-none-eabi/lib/libg.a(libc_a-init.o)
 .data          0x00000000        0x0 /opt/devkitpro/devkitARM/lib/gcc/arm-none-eabi/15.2.0/../../../../arm-none-eabi/lib/libg.a(libc_a-init.o)
 .bss           0x00000000        0x0 /opt/devkitpro/devkitARM/lib/gcc/arm-none-eabi/15.2.0/../../../../arm-none-eabi/lib/libg.a(libc_a-init.o)
 .text          0x00000000        0x0 /opt/devkitpro/devkitARM/lib/gcc/arm-none-eabi/15.2.0/../../../../arm-none-eabi/lib/libsysbase.a(libsysbase_libsysbase_a-malloc_vars.o)
 .data          0x00000000        0x0 /opt/devkitpro/devkitARM/lib/gcc/arm-none-eabi/15.2.0/../../../../arm-none-eabi/lib/libsysbase.a(libsysbase_libsysbase_a-malloc_vars.o)
 .bss           0x00000000        0x0 /opt/devkitpro/devkitARM/lib/gcc/arm-none-eabi/15.2.0/../../../../arm-none-eabi/lib/libsysbase.a(libsysbase_libsysbase_a-malloc_vars.o)
 .bss.fake_heap_start
                0x00000000        0x4 /opt/devkitpro/devkitARM/lib/gcc/arm-none-eabi/15.2.0/../../../../arm-none-eabi/lib/libsysbase.a(libsysbase_libsysbase_a-malloc_vars.o)
 .text          0x00000000        0x0 /opt/devkitpro/devkitARM/lib/gcc/arm-none-eabi/15.2.0/crtend.o
 .data          0x00000000        0x0 /opt/devkitpro/devkitARM/lib/gcc/arm-none-eabi/15.2.0/crtend.o
 .bss           0x00000000        0x0 /opt/devkitpro/devkitARM/lib/gcc/arm-none-eabi/15.2.0/crtend.o
 .rodata.all_implied_fbits
                0x00000000       0x24 /opt/devkitpro/devkitARM/lib/gcc/arm-none-eabi/15.2.0/crtend.o
 .text          0x00000000        0x0 /opt/devkitpro/devkitARM/lib/gcc/arm-none-eabi/15.2.0/crtn.o
 .data          0x00000000        0x0 /opt/devkitpro/devkitARM/lib/gcc/arm-none-eabi/15.2.0/crtn.o
 .bss           0x00000000        0x0 /opt/devkitpro/devkitARM/lib/gcc/arm-none-eabi/15.2.0/crtn.o

Memory Configuration

Name             Origin             Length             Attributes
rom              0x08000000         0x02000000
iwram            0x03000000         0x00008000
ewram            0x02000000         0x00040000
*default*        0x00000000         0xffffffff

Linker script and memory map

                0x00000000                        __sync_synchronize = __sync_synchronize_none
                0x08000000                        __text_start = ORIGIN (rom)
                0x02040000                        __eheap_end = (ORIGIN (ewram) + LENGTH (ewram))
                0x03000000                        __iwram_start = ORIGIN (iwram)
                0x03008000                        __iwram_top = (ORIGIN (iwram) + LENGTH (iwram))
                0x03007fa0                        __sp_irq = (__iwram_top - 0x60)
                0x03007f00                        __sp_usr = (__sp_irq - 0xa0)
                0x03007ff8                        __irq_flags = 0x3007ff8
                0x08000000                        . = __text_start

.crt0           0x08000000      0x210
 *(.crt0)
 .crt0          0x08000000      0x210 /opt/devkitpro/devkitARM/lib/gcc/arm-none-eabi/15.2.0/../../../../arm-none-eabi/lib/gba_crt0.o
                0x08000000                _start
                0x080000c4                __boot_method
                0x080000c5                __slave_number
                0x080000e0                start_vector
                0x08000210                        . = ALIGN (0x4)

.init           0x08000210       0x18
 *(SORT_NONE(.init))
 .init          0x08000210        0xc /opt/devkitpro/devkitARM/lib/gcc/arm-none-eabi/15.2.0/crti.o
                0x08000210                _init
 .init          0x0800021c        0xc /opt/devkitpro/devkitARM/lib/gcc/arm-none-eabi/15.2.0/crtn.o

.plt            0x08000228        0x0
 *(.plt)
                0x08000228                        . = ALIGN (0x4)

.text           0x08000228     0x1e88
 *(EXCLUDE_FILE(*.iwram*) .text*)
 .text.__do_global_dtors_aux
                0x08000228       0x54 /opt/devkitpro/devkitARM/lib/gcc/arm-none-eabi/15.2.0/crtbegin.o
 .text.frame_dummy
                0x0800027c       0x30 /opt/devkitpro/devkitARM/lib/gcc/arm-none-eabi/15.2.0/crtbegin.o
 .text.build_font_color
                0x080002ac       0x88 src/main.o
 .text.render_map_window
                0x08000334      0x21c src/main.o
 .text.render_text_base
                0x08000550       0x60 src/main.o
 .text.npc_visible
                0x080005b0       0xa4 src/main.o
 .text.try_move
                0x08000654      0x124 src/main.o
 .text.handle_npc_talk.constprop.0
                0x08000778      0x1a0 src/main.o
 .text.build_frame_16.constprop.0
                0x08000918      0x150 src/main.o
 .text.render_ending_scene
                0x08000a68      0x1b8 src/main.o
 .text.startup.main
                0x08000c20     0x101c src/main.o
                0x08000c20                main
 .text          0x08001c3c      0x3c4 /opt/devkitpro/libgba/lib/libgba.a(interrupt.o)
                0x08001c3c                dummy
                0x08001c40                InitInterrupt
                0x08001c9c                irqInit
                0x08001cf8                SetInterrupt
                0x08001de0                irqSet
                0x08001ec8                EnableInterrupt
                0x08001f14                irqEnable
                0x08001f68                DisableInterrupt
                0x08001fb4                irqDisable
 .text.__libc_init_array
                0x08002000       0x90 /opt/devkitpro/devkitARM/lib/gcc/arm-none-eabi/15.2.0/../../../../arm-none-eabi/lib/libg.a(libc_a-init.o)
                0x08002000                __libc_init_array
 .text.__libc_init_array.__stub
                0x08002090       0x18 linker stubs
 *(.gnu.linkonce.t.*)
 *(.text.*personality*)
 *(.gnu.warning)
 *(.glue_7t)
 .glue_7t       0x080020a8        0x0 linker stubs
 *(.glue_7)
 .glue_7        0x080020a8        0x0 linker stubs
 *(.vfp11_veneer)
 .vfp11_veneer  0x080020a8        0x0 linker stubs
                0x080020a8                        . = ALIGN (0x4)
                0x080020b0                        __text_end = .

.v4_bx          0x080020b0        0x0
 .v4_bx         0x080020b0        0x0 linker stubs

.iplt           0x080020b0        0x0
 .iplt          0x080020b0        0x0 /opt/devkitpro/devkitARM/lib/gcc/arm-none-eabi/15.2.0/../../../../arm-none-eabi/lib/gba_crt0.o

.fini           0x080020b0       0x18
 *(.fini)
 .fini          0x080020b0        0xc /opt/devkitpro/devkitARM/lib/gcc/arm-none-eabi/15.2.0/crti.o
                0x080020b0                _fini
 .fini          0x080020bc        0xc /opt/devkitpro/devkitARM/lib/gcc/arm-none-eabi/15.2.0/crtn.o
                0x080020c8                        . = ALIGN (0x4)

.rodata         0x080020c8     0x3564
 *(.rodata)
 *all.rodata*(*)
 *(.roda)
 *(.rodata.*)
 .rodata.render_map_window
                0x080020c8       0x56 src/main.o
 .rodata.handle_npc_talk.constprop.0
                0x0800211e        0x9 src/main.o
 *fill*         0x08002127        0x1 ff
 .rodata.render_ending_scene.str1.4
                0x08002128     0x1e51 src/main.o
                                 0x4c (size before relaxing)
 .rodata.main.str1.4
                0x08003f79        0x0 src/main.o
                                 0x1c (size before relaxing)
 *fill*         0x08003f79        0x1 ff
 .rodata.main   0x08003f7a       0x1a src/main.o
 .rodata.NPC_TILE.0
                0x08003f94       0x24 src/main.o
 .rodata.str1.4
                0x08003fb8        0x0 src/main.o
                               0x1e0d (size before relaxing)
 .rodata.BOX.1  0x08003fb8      0x120 src/main.o
 .rodata.DIALOGS
                0x080040d8       0x48 src/main.o
 .rodata.PAINTRESS_DLG
                0x08004120       0x10 src/main.o
 .rodata.RENOIR_GONE
                0x08004130       0x10 src/main.o
 .rodata.RENOIR_DLG
                0x08004140       0x10 src/main.o
 .rodata.ESQUIE_AFTER
                0x08004150       0x10 src/main.o
 .rodata.ESQUIE_BOARD
                0x08004160       0x10 src/main.o
 .rodata.ESQUIE_EARLY
                0x08004170       0x10 src/main.o
 .rodata.MONOCO_DLG
                0x08004180       0x10 src/main.o
 .rodata.VERSO_DLG
                0x08004190        0x8 src/main.o
 .rodata.SPED_DONE
                0x08004198       0x10 src/main.o
 .rodata.SCIEL_A
                0x080041a8        0x8 src/main.o
 .rodata.SCIEL_G
                0x080041b0       0x10 src/main.o
 .rodata.LUNE_A
                0x080041c0        0x8 src/main.o
 .rodata.LUNE_G
                0x080041c8       0x10 src/main.o
 .rodata.MAELLE_A
                0x080041d8       0x10 src/main.o
 .rodata.MAELLE_G
                0x080041e8       0x10 src/main.o
 .rodata.GOMMAGE_DLG
                0x080041f8       0x10 src/main.o
 .rodata.SOPHIE_DLG
                0x08004208       0x10 src/main.o
 .rodata.INTRO_DLG
                0x08004218       0x10 src/main.o
 .rodata.GUSTAVE_ART
                0x08004228       0x20 src/main.o
 .rodata.SPR_S1
                0x08004248       0x40 src/main.o
 .rodata.SPR_S0
                0x08004288       0x40 src/main.o
 .rodata.SPR_F1
                0x080042c8       0x40 src/main.o
 .rodata.SPR_F0
                0x08004308       0x40 src/main.o
 .rodata.FONT   0x08004348      0x1d8 src/main.o
 .rodata.BG_ART
                0x08004520      0x500 src/main.o
 .rodata.OBJ_PAL
                0x08004a20      0x600 src/main.o
 .rodata.BG_PAL
                0x08005020      0x300 src/main.o
 .rodata.WORLDS
                0x08005320        0xc src/main.o
 .rodata.MAP2   0x0800532c      0x100 src/main.o
 .rodata.MAP1   0x0800542c      0x100 src/main.o
 .rodata.MAP0   0x0800552c      0x100 src/main.o
 *(.gnu.linkonce.r*)
                0x0800562c                        . = ALIGN (0x4)

.ARM.extab
 *(.ARM.extab* .gnu.linkonce.armextab.*)
                0x0800562c                        __exidx_start = .

.ARM.exidx
 *(.ARM.exidx* .gnu.linkonce.armexidx.*)
                0x0800562c                        __exidx_end = .

.ctors          0x0800562c        0x0
 *crtbegin.o(.ctors)
 *(EXCLUDE_FILE(*crtend.o) .ctors)
 *(SORT_BY_NAME(.ctors.*))
 *(.ctors)
                0x0800562c                        . = ALIGN (0x4)

.dtors          0x0800562c        0x0
 *crtbegin.o(.dtors)
 *(EXCLUDE_FILE(*crtend.o) .dtors)
 *(SORT_BY_NAME(.dtors.*))
 *(.dtors)
                0x0800562c                        . = ALIGN (0x4)

.eh_frame       0x0800562c        0x4
 *(.eh_frame)
 .eh_frame      0x0800562c        0x0 /opt/devkitpro/devkitARM/lib/gcc/arm-none-eabi/15.2.0/crtbegin.o
 .eh_frame      0x0800562c        0x4 /opt/devkitpro/devkitARM/lib/gcc/arm-none-eabi/15.2.0/crtend.o
                0x08005630                        . = ALIGN (0x4)

.gcc_except_table
                0x08005630        0x0
 *(.gcc_except_table)
                0x08005630                        . = ALIGN (0x4)
                0x08005630                        __iwram_lma = .

.iwram          0x03000000       0xb8 load address 0x08005630
                0x03000000                        __iwram_start__ = ABSOLUTE (.)
 *(.iwram .iwram*)
 .iwram         0x03000000       0xb8 /opt/devkitpro/libgba/lib/libgba.a(InterruptDispatcher.o)
                0x03000000                IntrMain
 *iwram.*(.text* .data*)
                0x030000b8                        . = ALIGN (0x4)
                0x030000b8                        __iwram_end__ = ABSOLUTE (.)
                0x080056e8                        __data_lma = (__iwram_lma + SIZEOF (.iwram))

.bss            0x030000b8      0x170
                0x030000b8                        __bss_start = ABSOLUTE (.)
                0x030000b8                        __bss_start__ = ABSOLUTE (.)
 *(.dynbss)
 *(.gnu.linkonce.b*)
 *(.bss*)
 .bss.completed.1
                0x030000b8        0x1 /opt/devkitpro/devkitARM/lib/gcc/arm-none-eabi/15.2.0/crtbegin.o
 *fill*         0x030000b9        0x3 
 .bss.object.0  0x030000bc       0x18 /opt/devkitpro/devkitARM/lib/gcc/arm-none-eabi/15.2.0/crtbegin.o
 .bss.g_sciel   0x030000d4        0x4 src/main.o
 .bss.g_lune    0x030000d8        0x4 src/main.o
 .bss.g_maelle  0x030000dc        0x4 src/main.o
 .bss.g_dlg_state
                0x030000e0        0x4 src/main.o
 .bss.g_dlg_page
                0x030000e4        0x4 src/main.o
 .bss.g_npc     0x030000e8       0x90 src/main.o
 .bss.g_p       0x03000178       0x18 src/main.o
 .bss.g_frame   0x03000190        0x4 src/main.o
 .bss.g_renoir_gone
                0x03000194        0x4 src/main.o
 .bss.g_stage   0x03000198        0x4 src/main.o
 .bss.g_world   0x0300019c        0x4 src/main.o
 .bss.g_state   0x030001a0        0x4 src/main.o
 .bss.g_fade_cnt
                0x030001a4        0x4 src/main.o
 .bss.g_fade    0x030001a8        0x4 src/main.o
 .bss           0x030001ac       0x78 /opt/devkitpro/libgba/lib/libgba.a(interrupt.o)
                0x030001ac                IntrTable
 .bss.fake_heap_end
                0x03000224        0x4 /opt/devkitpro/devkitARM/lib/gcc/arm-none-eabi/15.2.0/../../../../arm-none-eabi/lib/libsysbase.a(libsysbase_libsysbase_a-malloc_vars.o)
                0x03000224                fake_heap_end
 *(COMMON)
                0x03000228                        . = ALIGN (0x4)
                0x03000228                        __bss_end__ = ABSOLUTE (.)

.data           0x03000228        0x8 load address 0x080056e8
                0x03000228                        __data_start__ = ABSOLUTE (.)
 *(.data*)
 .data.g_pending
                0x03000228        0x4 src/main.o
 .data.g_dialog
                0x0300022c        0x4 src/main.o
 *(.gnu.linkonce.d*)
                0x03000230                        . = ALIGN (0x4)
                0x080056f0                        __preinit_lma = (__data_lma + SIZEOF (.data))

.igot.plt       0x03000230        0x0 load address 0x080056f0
 .igot.plt      0x03000230        0x0 /opt/devkitpro/devkitARM/lib/gcc/arm-none-eabi/15.2.0/../../../../arm-none-eabi/lib/gba_crt0.o

.preinit_array  0x03000230        0x0 load address 0x080056f0
                0x03000230                        __preinit_array_start = ABSOLUTE (.)
 *(.preinit_array)
                0x03000230                        __preinit_array_end = ABSOLUTE (.)
                0x080056f0                        __init_lma = (__preinit_lma + SIZEOF (.preinit_array))

.init_array     0x03000230        0x4 load address 0x080056f0
                0x03000230                        __init_array_start = ABSOLUTE (.)
 *(SORT_BY_NAME(.init_array.*))
 *(.init_array)
 .init_array    0x03000230        0x4 /opt/devkitpro/devkitARM/lib/gcc/arm-none-eabi/15.2.0/crtbegin.o
                0x03000234                        __init_array_end = ABSOLUTE (.)
                0x080056f4                        __fini_lma = (__init_lma + SIZEOF (.init_array))

.fini_array     0x03000234        0x4 load address 0x080056f4
                0x03000234                        __fini_array_start = ABSOLUTE (.)
 *(SORT_BY_NAME(.fini_array.*))
 *(.fini_array)
 .fini_array    0x03000234        0x4 /opt/devkitpro/devkitARM/lib/gcc/arm-none-eabi/15.2.0/crtbegin.o
                0x03000238                        __fini_array_end = ABSOLUTE (.)
                0x080056f8                        __jcr_lma = (__fini_lma + SIZEOF (.fini_array))

.jcr
 *(.jcr)
                0x03000238                        __data_end__ = ABSOLUTE (.)
                0x080056f8                        __iwram_overlay_lma = (__jcr_lma + SIZEOF (.jcr))
                0x03000238                        __iwram_overlay_start = .

.iwram0         0x03000238        0x0 load address 0x080056f8
 *(.iwram0)
                0x03000238                        . = ALIGN (0x4)
                0x080056f8                        PROVIDE (__load_start_iwram0 = LOADADDR (.iwram0))
                0x080056f8                        PROVIDE (__load_stop_iwram0 = (LOADADDR (.iwram0) + SIZEOF (.iwram0)))

.iwram1         0x03000238        0x0
 *(.iwram1)
                0x03000238                        . = ALIGN (0x4)
                [!provide]                        PROVIDE (__load_start_iwram1 = LOADADDR (.iwram1))
                [!provide]                        PROVIDE (__load_stop_iwram1 = (LOADADDR (.iwram1) + SIZEOF (.iwram1)))

.iwram2         0x03000238        0x0
 *(.iwram2)
                0x03000238                        . = ALIGN (0x4)
                [!provide]                        PROVIDE (__load_start_iwram2 = LOADADDR (.iwram2))
                [!provide]                        PROVIDE (__load_stop_iwram2 = (LOADADDR (.iwram2) + SIZEOF (.iwram2)))

.iwram3         0x03000238        0x0
 *(.iwram3)
                0x03000238                        . = ALIGN (0x4)
                [!provide]                        PROVIDE (__load_start_iwram3 = LOADADDR (.iwram3))
                [!provide]                        PROVIDE (__load_stop_iwram3 = (LOADADDR (.iwram3) + SIZEOF (.iwram3)))

.iwram4         0x03000238        0x0
 *(.iwram4)
                0x03000238                        . = ALIGN (0x4)
                [!provide]                        PROVIDE (__load_start_iwram4 = LOADADDR (.iwram4))
                [!provide]                        PROVIDE (__load_stop_iwram4 = (LOADADDR (.iwram4) + SIZEOF (.iwram4)))

.iwram5         0x03000238        0x0
 *(.iwram5)
                0x03000238                        . = ALIGN (0x4)
                [!provide]                        PROVIDE (__load_start_iwram5 = LOADADDR (.iwram5))
                [!provide]                        PROVIDE (__load_stop_iwram5 = (LOADADDR (.iwram5) + SIZEOF (.iwram5)))

.iwram6         0x03000238        0x0
 *(.iwram6)
                0x03000238                        . = ALIGN (0x4)
                [!provide]                        PROVIDE (__load_start_iwram6 = LOADADDR (.iwram6))
                [!provide]                        PROVIDE (__load_stop_iwram6 = (LOADADDR (.iwram6) + SIZEOF (.iwram6)))

.iwram7         0x03000238        0x0
 *(.iwram7)
                0x03000238                        . = ALIGN (0x4)
                [!provide]                        PROVIDE (__load_start_iwram7 = LOADADDR (.iwram7))
                [!provide]                        PROVIDE (__load_stop_iwram7 = (LOADADDR (.iwram7) + SIZEOF (.iwram7)))

.iwram8         0x03000238        0x0
 *(.iwram8)
                0x03000238                        . = ALIGN (0x4)
                [!provide]                        PROVIDE (__load_start_iwram8 = LOADADDR (.iwram8))
                [!provide]                        PROVIDE (__load_stop_iwram8 = (LOADADDR (.iwram8) + SIZEOF (.iwram8)))

.iwram9         0x03000238        0x0
 *(.iwram9)
                0x03000238                        . = ALIGN (0x4)
                [!provide]                        PROVIDE (__load_start_iwram9 = LOADADDR (.iwram9))
                [!provide]                        PROVIDE (__load_stop_iwram9 = (LOADADDR (.iwram9) + SIZEOF (.iwram9)))
                0x03000238                        __iwram_overlay_end = .
                0x080056f8                        __ewram_lma = (__iwram_overlay_lma + (__iwram_overlay_end - __iwram_overlay_start))
                0x03000238                        __iheap_start = .
                0x02000000                        __ewram_start = ORIGIN (ewram)

.ewram          0x02000000        0x0 load address 0x080056f8
 *(.ewram*)
                0x02000000                        . = ALIGN (0x4)
                0x02000000                        __ewram_end = ABSOLUTE (.)
                0x080056f8                        __pad_lma = (__ewram_lma + SIZEOF (.ewram))

.sbss           0x02000000        0x0
                0x02000000                        __sbss_start__ = ABSOLUTE (.)
 *(.sbss*)
                0x02000000                        . = ALIGN (0x4)
                0x02000000                        __sbss_end__ = ABSOLUTE (.)
                0x02000000                        __end__ = ABSOLUTE (.)
                0x02000000                        __eheap_start = ABSOLUTE (.)

.pad            0x02000000        0x8 load address 0x080056f8
                0x02000000        0x4 LONG 0x52416b64
                0x02000004        0x4 LONG 0x4d
                0x02000008                        . = ALIGN (0x4)
                0x08005700                        __rom_end__ = (__pad_lma + SIZEOF (.pad))

.rel.dyn        0x02000008        0x0 load address 0x08005700
 .rel.iplt      0x02000008        0x0 /opt/devkitpro/devkitARM/lib/gcc/arm-none-eabi/15.2.0/../../../../arm-none-eabi/lib/gba_crt0.o

.stab
 *(.stab)

.stabstr
 *(.stabstr)

.stab.excl
 *(.stab.excl)

.stab.exclstr
 *(.stab.exclstr)

.stab.index
 *(.stab.index)

.stab.indexstr
 *(.stab.indexstr)

.comment        0x00000000       0x3b
 *(.comment)
 .comment       0x00000000       0x3b /opt/devkitpro/devkitARM/lib/gcc/arm-none-eabi/15.2.0/crtbegin.o
                                 0x19 (size before relaxing)
 .comment       0x0000003b        0x0 src/main.o
                                 0x19 (size before relaxing)
 .comment       0x0000003b        0x0 /opt/devkitpro/libgba/lib/libgba.a(interrupt.o)
                                 0x24 (size before relaxing)
 .comment       0x0000003b        0x0 /opt/devkitpro/devkitARM/lib/gcc/arm-none-eabi/15.2.0/crtend.o
                                 0x19 (size before relaxing)

.debug
 *(.debug)

.line
 *(.line)

.debug_srcinfo
 *(.debug_srcinfo)

.debug_sfnames
 *(.debug_sfnames)

.debug_aranges  0x00000000       0xa0
 *(.debug_aranges)
 .debug_aranges
                0x00000000       0x60 src/main.o
 .debug_aranges
                0x00000060       0x20 /opt/devkitpro/libgba/lib/libgba.a(interrupt.o)
 .debug_aranges
                0x00000080       0x20 /opt/devkitpro/libgba/lib/libgba.a(InterruptDispatcher.o)

.debug_pubnames
 *(.debug_pubnames)

.debug_info     0x00000000     0x27bb
 *(.debug_info)
 .debug_info    0x00000000     0x237e src/main.o
 .debug_info    0x0000237e      0x418 /opt/devkitpro/libgba/lib/libgba.a(interrupt.o)
 .debug_info    0x00002796       0x25 /opt/devkitpro/libgba/lib/libgba.a(InterruptDispatcher.o)

.debug_abbrev   0x00000000      0x6be
 *(.debug_abbrev)
 .debug_abbrev  0x00000000      0x48b src/main.o
 .debug_abbrev  0x0000048b      0x21f /opt/devkitpro/libgba/lib/libgba.a(interrupt.o)
 .debug_abbrev  0x000006aa       0x14 /opt/devkitpro/libgba/lib/libgba.a(InterruptDispatcher.o)

.debug_line     0x00000000     0x281f
 *(.debug_line)
 .debug_line    0x00000000     0x1e57 src/main.o
 .debug_line    0x00001e57      0x950 /opt/devkitpro/libgba/lib/libgba.a(interrupt.o)
 .debug_line    0x000027a7       0x78 /opt/devkitpro/libgba/lib/libgba.a(InterruptDispatcher.o)

.debug_frame    0x00000000      0x224
 *(.debug_frame)
 .debug_frame   0x00000000      0x174 src/main.o
 .debug_frame   0x00000174       0xb0 /opt/devkitpro/libgba/lib/libgba.a(interrupt.o)

.debug_str      0x00000000      0xaf1
 *(.debug_str)
 .debug_str     0x00000000      0xaf1 src/main.o
                                0x91e (size before relaxing)
 .debug_str     0x00000af1        0x0 /opt/devkitpro/libgba/lib/libgba.a(interrupt.o)
                                0x334 (size before relaxing)
 .debug_str     0x00000af1        0x0 /opt/devkitpro/libgba/lib/libgba.a(InterruptDispatcher.o)
                                 0xba (size before relaxing)

.debug_loc
 *(.debug_loc)

.debug_macinfo
 *(.debug_macinfo)

.debug_weaknames
 *(.debug_weaknames)

.debug_funcnames
 *(.debug_funcnames)

.debug_typenames
 *(.debug_typenames)

.debug_varnames
 *(.debug_varnames)

.stack          0x00080000        0x0
                0x00080000                        _stack = .
 *(.stack)

.note.gnu.arm.ident
 *(.note.gnu.arm.ident)

.ARM.attributes
                0x00000000       0x2c
 *(.ARM.attributes)
 .ARM.attributes
                0x00000000       0x20 /opt/devkitpro/devkitARM/lib/gcc/arm-none-eabi/15.2.0/../../../../arm-none-eabi/lib/gba_crt0.o
 .ARM.attributes
                0x00000020       0x1c /opt/devkitpro/devkitARM/lib/gcc/arm-none-eabi/15.2.0/crti.o
 .ARM.attributes
                0x0000003c       0x2a /opt/devkitpro/devkitARM/lib/gcc/arm-none-eabi/15.2.0/crtbegin.o
 .ARM.attributes
                0x00000066       0x2a src/main.o
 .ARM.attributes
                0x00000090       0x2a /opt/devkitpro/libgba/lib/libgba.a(interrupt.o)
 .ARM.attributes
                0x000000ba       0x1a /opt/devkitpro/libgba/lib/libgba.a(InterruptDispatcher.o)
 .ARM.attributes
                0x000000d4       0x1c /opt/devkitpro/devkitARM/lib/gcc/arm-none-eabi/15.2.0/libgcc.a(_sync_none.o)
 .ARM.attributes
                0x000000f0       0x2a /opt/devkitpro/devkitARM/lib/gcc/arm-none-eabi/15.2.0/../../../../arm-none-eabi/lib/libg.a(libc_a-init.o)
 .ARM.attributes
                0x0000011a       0x2a /opt/devkitpro/devkitARM/lib/gcc/arm-none-eabi/15.2.0/../../../../arm-none-eabi/lib/libsysbase.a(libsysbase_libsysbase_a-malloc_vars.o)
 .ARM.attributes
                0x00000144       0x2a /opt/devkitpro/devkitARM/lib/gcc/arm-none-eabi/15.2.0/crtend.o
 .ARM.attributes
                0x0000016e       0x1c /opt/devkitpro/devkitARM/lib/gcc/arm-none-eabi/15.2.0/crtn.o

/DISCARD/
 *(.note.GNU-stack)
LOAD /opt/devkitpro/devkitARM/lib/gcc/arm-none-eabi/15.2.0/../../../../arm-none-eabi/lib/gba_crt0.o
LOAD /opt/devkitpro/devkitARM/lib/gcc/arm-none-eabi/15.2.0/crti.o
LOAD /opt/devkitpro/devkitARM/lib/gcc/arm-none-eabi/15.2.0/crtbegin.o
LOAD src/main.o
LOAD /opt/devkitpro/libgba/lib/libgba.a
START GROUP
LOAD /opt/devkitpro/devkitARM/lib/gcc/arm-none-eabi/15.2.0/libgcc.a
LOAD /opt/devkitpro/devkitARM/lib/gcc/arm-none-eabi/15.2.0/../../../../arm-none-eabi/lib/libg.a
LOAD /opt/devkitpro/devkitARM/lib/gcc/arm-none-eabi/15.2.0/../../../../arm-none-eabi/lib/libc.a
LOAD /opt/devkitpro/devkitARM/lib/gcc/arm-none-eabi/15.2.0/../../../../arm-none-eabi/lib/libsysbase.a
END GROUP
LOAD /opt/devkitpro/devkitARM/lib/gcc/arm-none-eabi/15.2.0/crtend.o
LOAD /opt/devkitpro/devkitARM/lib/gcc/arm-none-eabi/15.2.0/crtn.o
OUTPUT(expedition33.elf elf32-littlearm)
LOAD linker stubs

.debug_loclists
                0x00000000     0x1d58
 .debug_loclists
                0x00000000     0x1a64 src/main.o
 .debug_loclists
                0x00001a64      0x2f4 /opt/devkitpro/libgba/lib/libgba.a(interrupt.o)

.debug_rnglists
                0x00000000      0x499
 .debug_rnglists
                0x00000000      0x456 src/main.o
 .debug_rnglists
                0x00000456       0x43 /opt/devkitpro/libgba/lib/libgba.a(interrupt.o)

.debug_line_str
                0x00000000       0xae
 .debug_line_str
                0x00000000       0xae /opt/devkitpro/libgba/lib/libgba.a(InterruptDispatcher.o)
